2026-08-20 10:52:04.930: [INFO] CurrentProfilePath: C:\Users\Aluno\Desktop\Dani\.metadata\.plugins\org.eclipse.swt\EBWebView\Default
2026-08-20 10:52:04.930: [INFO] Profiles total count: 1
2026-08-20 10:52:04.930: [INFO] Profile: name=Perfil 1 path=C:\Users\Aluno\Desktop\Dani\.metadata\.plugins\org.eclipse.swt\EBWebView\Default lastActive=null
2026-08-20 10:52:04.930: [INFO] LastUsedProfileDir: C:\Users\Aluno\Desktop\Dani\.metadata\.plugins\org.eclipse.swt\EBWebView\Default
2026-08-20 10:52:04.930: [INFO] OnDoneLoading sync enabled: 0
2026-08-20 10:52:04.930: [INFO] BookmarkModelLoaded, ids_reassigned: 0
2026-08-20 10:52:04.930: [INFO] BookmarksLoadDropped droppedNodes=0
2026-08-20 10:52:04.930: [INFO] BookmarksSnapshot Startup total=0 bar=0 other=0 mobile=0 showBar=0 showBarNTP=1
2026-08-20 10:56:40.514: [INFO] BookmarksSnapshot Shutdown total=0 bar=0 other=0 mobile=0 showBar=0 showBarNTP=1
2026-08-20 10:56:46.929: [INFO] CurrentProfilePath: C:\Users\Aluno\Desktop\Dani\.metadata\.plugins\org.eclipse.swt\EBWebView\Default
2026-08-20 10:56:46.929: [INFO] Profiles total count: 1
2026-08-20 10:56:46.929: [INFO] Profile: name=Perfil 1 path=C:\Users\Aluno\Desktop\Dani\.metadata\.plugins\org.eclipse.swt\EBWebView\Default lastActive=null
2026-08-20 10:56:46.929: [INFO] LastUsedProfileDir: C:\Users\Aluno\Desktop\Dani\.metadata\.plugins\org.eclipse.swt\EBWebView\Default
2026-08-20 10:56:46.929: [INFO] OnDoneLoading sync enabled: 0
2026-08-20 10:56:46.929: [INFO] BookmarkModelLoaded, ids_reassigned: 0
2026-08-20 10:56:46.929: [INFO] BookmarksLoadDropped droppedNodes=0
2026-08-20 10:56:46.929: [INFO] BookmarksSnapshot Startup total=0 bar=0 other=0 mobile=0 showBar=0 showBarNTP=1
2026-08-20 11:01:02.939: [INFO] BookmarksSnapshot Shutdown total=0 bar=0 other=0 mobile=0 showBar=0 showBarNTP=1
2026-08-20 11:01:19.358: [INFO] CurrentProfilePath: C:\Users\Aluno\Desktop\Dani\.metadata\.plugins\org.eclipse.swt\EBWebView\Default
2026-08-20 11:01:19.358: [INFO] Profiles total count: 1
2026-08-20 11:01:19.358: [INFO] Profile: name=Perfil 1 path=C:\Users\Aluno\Desktop\Dani\.metadata\.plugins\org.eclipse.swt\EBWebView\Default lastActive=null
2026-08-20 11:01:19.358: [INFO] LastUsedProfileDir: C:\Users\Aluno\Desktop\Dani\.metadata\.plugins\org.eclipse.swt\EBWebView\Default
2026-08-20 11:01:19.358: [INFO] OnDoneLoading sync enabled: 0
2026-08-20 11:01:19.358: [INFO] BookmarkModelLoaded, ids_reassigned: 0
2026-08-20 11:01:19.358: [INFO] BookmarksLoadDropped droppedNodes=0
2026-08-20 11:01:19.358: [INFO] BookmarksSnapshot Startup total=0 bar=0 other=0 mobile=0 showBar=0 showBarNTP=1
2026-08-20 11:05:31.952: [INFO] BookmarksSnapshot Shutdown total=0 bar=0 other=0 mobile=0 showBar=0 showBarNTP=1
2026-08-20 11:12:08.213: [INFO] CurrentProfilePath: C:\Users\Aluno\Desktop\Dani\.metadata\.plugins\org.eclipse.swt\EBWebView\Default
2026-08-20 11:12:08.213: [INFO] Profiles total count: 1
2026-08-20 11:12:08.213: [INFO] Profile: name=Perfil 1 path=C:\Users\Aluno\Desktop\Dani\.metadata\.plugins\org.eclipse.swt\EBWebView\Default lastActive=null
2026-08-20 11:12:08.213: [INFO] LastUsedProfileDir: C:\Users\Aluno\Desktop\Dani\.metadata\.plugins\org.eclipse.swt\EBWebView\Default
2026-08-20 11:12:08.213: [INFO] OnDoneLoading sync enabled: 0
2026-08-20 11:12:08.213: [INFO] BookmarkModelLoaded, ids_reassigned: 0
2026-08-20 11:12:08.213: [INFO] BookmarksLoadDropped droppedNodes=0
2026-08-20 11:12:08.213: [INFO] BookmarksSnapshot Startup total=0 bar=0 other=0 mobile=0 showBar=0 showBarNTP=1
2026-08-20 11:29:56.691: [INFO] CurrentProfilePath: C:\Users\Aluno\Desktop\Dani\.metadata\.plugins\org.eclipse.swt\EBWebView\Default
2026-08-20 11:29:56.691: [INFO] Profiles total count: 1
2026-08-20 11:29:56.691: [INFO] Profile: name=Perfil 1 path=C:\Users\Aluno\Desktop\Dani\.metadata\.plugins\org.eclipse.swt\EBWebView\Default lastActive=null
2026-08-20 11:29:56.691: [INFO] LastUsedProfileDir: C:\Users\Aluno\Desktop\Dani\.metadata\.plugins\org.eclipse.swt\EBWebView\Default
2026-08-20 11:29:56.691: [INFO] OnDoneLoading sync enabled: 0
2026-08-20 11:29:56.691: [INFO] BookmarkModelLoaded, ids_reassigned: 0
2026-08-20 11:29:56.691: [INFO] BookmarksLoadDropped droppedNodes=0
2026-08-20 11:29:56.691: [INFO] BookmarksSnapshot Startup total=0 bar=0 other=0 mobile=0 showBar=0 showBarNTP=1
2026-08-20 11:33:53.288: [INFO] BookmarksSnapshot Shutdown total=0 bar=0 other=0 mobile=0 showBar=0 showBarNTP=1
2026-08-20 11:34:02.418: [INFO] CurrentProfilePath: C:\Users\Aluno\Desktop\Dani\.metadata\.plugins\org.eclipse.swt\EBWebView\Default
2026-08-20 11:34:02.418: [INFO] Profiles total count: 1
2026-08-20 11:34:02.418: [INFO] Profile: name=Perfil 1 path=C:\Users\Aluno\Desktop\Dani\.metadata\.plugins\org.eclipse.swt\EBWebView\Default lastActive=null
2026-08-20 11:34:02.418: [INFO] LastUsedProfileDir: C:\Users\Aluno\Desktop\Dani\.metadata\.plugins\org.eclipse.swt\EBWebView\Default
2026-08-20 11:34:02.418: [INFO] OnDoneLoading sync enabled: 0
2026-08-20 11:34:02.418: [INFO] BookmarkModelLoaded, ids_reassigned: 0
2026-08-20 11:34:02.418: [INFO] BookmarksLoadDropped droppedNodes=0
2026-08-20 11:34:02.418: [INFO] BookmarksSnapshot Startup total=0 bar=0 other=0 mobile=0 showBar=0 showBarNTP=1
2026-08-20 11:34:47.311: [INFO] BookmarksSnapshot Shutdown total=0 bar=0 other=0 mobile=0 showBar=0 showBarNTP=1
2026-08-20 11:36:43.086: [INFO] CurrentProfilePath: C:\Users\Aluno\Desktop\Dani\.metadata\.plugins\org.eclipse.swt\EBWebView\Default
2026-08-20 11:36:43.086: [INFO] Profiles total count: 1
2026-08-20 11:36:43.086: [INFO] Profile: name=Perfil 1 path=C:\Users\Aluno\Desktop\Dani\.metadata\.plugins\org.eclipse.swt\EBWebView\Default lastActive=null
2026-08-20 11:36:43.086: [INFO] LastUsedProfileDir: C:\Users\Aluno\Desktop\Dani\.metadata\.plugins\org.eclipse.swt\EBWebView\Default
2026-08-20 11:36:43.086: [INFO] OnDoneLoading sync enabled: 0
2026-08-20 11:36:43.086: [INFO] BookmarkModelLoaded, ids_reassigned: 0
2026-08-20 11:36:43.086: [INFO] BookmarksLoadDropped droppedNodes=0
2026-08-20 11:36:43.086: [INFO] BookmarksSnapshot Startup total=0 bar=0 other=0 mobile=0 showBar=0 showBarNTP=1
2026-08-20 11:49:32.563: [INFO] BookmarksSnapshot Shutdown total=0 bar=0 other=0 mobile=0 showBar=0 showBarNTP=1
2026-08-20 11:50:37.639: [INFO] CurrentProfilePath: C:\Users\Aluno\Desktop\Dani\.metadata\.plugins\org.eclipse.swt\EBWebView\Default
2026-08-20 11:50:37.639: [INFO] Profiles total count: 1
2026-08-20 11:50:37.639: [INFO] Profile: name=Perfil 1 path=C:\Users\Aluno\Desktop\Dani\.metadata\.plugins\org.eclipse.swt\EBWebView\Default lastActive=null
2026-08-20 11:50:37.639: [INFO] LastUsedProfileDir: C:\Users\Aluno\Desktop\Dani\.metadata\.plugins\org.eclipse.swt\EBWebView\Default
2026-08-20 11:50:37.639: [INFO] OnDoneLoading sync enabled: 0
2026-08-20 11:50:37.639: [INFO] BookmarkModelLoaded, ids_reassigned: 0
2026-08-20 11:50:37.639: [INFO] BookmarksLoadDropped droppedNodes=0
2026-08-20 11:50:37.639: [INFO] BookmarksSnapshot Startup total=0 bar=0 other=0 mobile=0 showBar=0 showBarNTP=1
2026-08-20 12:01:42.933: [INFO] BookmarksSnapshot Shutdown total=0 bar=0 other=0 mobile=0 showBar=0 showBarNTP=1
2026-08-20 12:02:00.175: [INFO] CurrentProfilePath: C:\Users\Aluno\Desktop\Dani\.metadata\.plugins\org.eclipse.swt\EBWebView\Default
2026-08-20 12:02:00.175: [INFO] Profiles total count: 1
2026-08-20 12:02:00.175: [INFO] Profile: name=Perfil 1 path=C:\Users\Aluno\Desktop\Dani\.metadata\.plugins\org.eclipse.swt\EBWebView\Default lastActive=null
2026-08-20 12:02:00.175: [INFO] LastUsedProfileDir: C:\Users\Aluno\Desktop\Dani\.metadata\.plugins\org.eclipse.swt\EBWebView\Default
2026-08-20 12:02:00.175: [INFO] OnDoneLoading sync enabled: 0
2026-08-20 12:02:00.175: [INFO] BookmarkModelLoaded, ids_reassigned: 0
2026-08-20 12:02:00.175: [INFO] BookmarksLoadDropped droppedNodes=0
2026-08-20 12:02:00.175: [INFO] BookmarksSnapshot Startup total=0 bar=0 other=0 mobile=0 showBar=0 showBarNTP=1
