2026-09-10 10:42:54.240: [INFO] CurrentProfilePath: C:\Users\Aluno\Desktop\while\.metadata\.plugins\org.eclipse.swt\EBWebView\Default
2026-09-10 10:42:54.240: [INFO] Profiles total count: 1
2026-09-10 10:42:54.240: [INFO] Profile: name=Perfil 1 path=C:\Users\Aluno\Desktop\while\.metadata\.plugins\org.eclipse.swt\EBWebView\Default lastActive=null
2026-09-10 10:42:54.240: [INFO] LastUsedProfileDir: C:\Users\Aluno\Desktop\while\.metadata\.plugins\org.eclipse.swt\EBWebView\Default
2026-09-10 10:42:54.240: [INFO] OnDoneLoading sync enabled: 0
2026-09-10 10:42:54.240: [INFO] BookmarkModelLoaded, ids_reassigned: 0
2026-09-10 10:42:54.240: [INFO] BookmarksLoadDropped droppedNodes=0
2026-09-10 10:42:54.240: [INFO] BookmarksSnapshot Startup total=0 bar=0 other=0 mobile=0 showBar=0 showBarNTP=1
2026-09-10 10:43:11.799: [INFO] BookmarksSnapshot Shutdown total=0 bar=0 other=0 mobile=0 showBar=0 showBarNTP=1
2026-09-10 10:45:25.436: [INFO] CurrentProfilePath: C:\Users\Aluno\Desktop\while\.metadata\.plugins\org.eclipse.swt\EBWebView\Default
2026-09-10 10:45:25.436: [INFO] Profiles total count: 1
2026-09-10 10:45:25.436: [INFO] Profile: name=Perfil 1 path=C:\Users\Aluno\Desktop\while\.metadata\.plugins\org.eclipse.swt\EBWebView\Default lastActive=null
2026-09-10 10:45:25.436: [INFO] LastUsedProfileDir: C:\Users\Aluno\Desktop\while\.metadata\.plugins\org.eclipse.swt\EBWebView\Default
2026-09-10 10:45:25.436: [INFO] OnDoneLoading sync enabled: 0
2026-09-10 10:45:25.436: [INFO] BookmarkModelLoaded, ids_reassigned: 0
2026-09-10 10:45:25.436: [INFO] BookmarksLoadDropped droppedNodes=0
2026-09-10 10:45:25.436: [INFO] BookmarksSnapshot Startup total=0 bar=0 other=0 mobile=0 showBar=0 showBarNTP=1
2026-09-10 10:50:24.321: [INFO] BookmarksSnapshot Shutdown total=0 bar=0 other=0 mobile=0 showBar=0 showBarNTP=1
2026-09-10 10:52:58.859: [INFO] CurrentProfilePath: C:\Users\Aluno\Desktop\while\.metadata\.plugins\org.eclipse.swt\EBWebView\Default
2026-09-10 10:52:58.859: [INFO] Profiles total count: 1
2026-09-10 10:52:58.859: [INFO] Profile: name=Perfil 1 path=C:\Users\Aluno\Desktop\while\.metadata\.plugins\org.eclipse.swt\EBWebView\Default lastActive=null
2026-09-10 10:52:58.859: [INFO] LastUsedProfileDir: C:\Users\Aluno\Desktop\while\.metadata\.plugins\org.eclipse.swt\EBWebView\Default
2026-09-10 10:52:58.859: [INFO] OnDoneLoading sync enabled: 0
2026-09-10 10:52:58.859: [INFO] BookmarkModelLoaded, ids_reassigned: 0
2026-09-10 10:52:58.859: [INFO] BookmarksLoadDropped droppedNodes=0
2026-09-10 10:52:58.859: [INFO] BookmarksSnapshot Startup total=0 bar=0 other=0 mobile=0 showBar=0 showBarNTP=1
2026-09-10 10:56:29.633: [INFO] BookmarksSnapshot Shutdown total=0 bar=0 other=0 mobile=0 showBar=0 showBarNTP=1
2026-09-10 11:01:53.369: [INFO] CurrentProfilePath: C:\Users\Aluno\Desktop\while\.metadata\.plugins\org.eclipse.swt\EBWebView\Default
2026-09-10 11:01:53.369: [INFO] Profiles total count: 1
2026-09-10 11:01:53.369: [INFO] Profile: name=Perfil 1 path=C:\Users\Aluno\Desktop\while\.metadata\.plugins\org.eclipse.swt\EBWebView\Default lastActive=null
2026-09-10 11:01:53.369: [INFO] LastUsedProfileDir: C:\Users\Aluno\Desktop\while\.metadata\.plugins\org.eclipse.swt\EBWebView\Default
2026-09-10 11:01:53.369: [INFO] OnDoneLoading sync enabled: 0
2026-09-10 11:01:53.369: [INFO] BookmarkModelLoaded, ids_reassigned: 0
2026-09-10 11:01:53.369: [INFO] BookmarksLoadDropped droppedNodes=0
2026-09-10 11:01:53.369: [INFO] BookmarksSnapshot Startup total=0 bar=0 other=0 mobile=0 showBar=0 showBarNTP=1
2026-09-10 11:03:01.612: [INFO] BookmarksSnapshot Shutdown total=0 bar=0 other=0 mobile=0 showBar=0 showBarNTP=1
2026-09-10 11:14:06.659: [INFO] CurrentProfilePath: C:\Users\Aluno\Desktop\while\.metadata\.plugins\org.eclipse.swt\EBWebView\Default
2026-09-10 11:14:06.659: [INFO] Profiles total count: 1
2026-09-10 11:14:06.659: [INFO] Profile: name=Perfil 1 path=C:\Users\Aluno\Desktop\while\.metadata\.plugins\org.eclipse.swt\EBWebView\Default lastActive=null
2026-09-10 11:14:06.659: [INFO] LastUsedProfileDir: C:\Users\Aluno\Desktop\while\.metadata\.plugins\org.eclipse.swt\EBWebView\Default
2026-09-10 11:14:06.659: [INFO] OnDoneLoading sync enabled: 0
2026-09-10 11:14:06.659: [INFO] BookmarkModelLoaded, ids_reassigned: 0
2026-09-10 11:14:06.659: [INFO] BookmarksLoadDropped droppedNodes=0
2026-09-10 11:14:06.659: [INFO] BookmarksSnapshot Startup total=0 bar=0 other=0 mobile=0 showBar=0 showBarNTP=1
2026-09-10 11:14:58.040: [INFO] BookmarksSnapshot Shutdown total=0 bar=0 other=0 mobile=0 showBar=0 showBarNTP=1
2026-09-10 11:19:07.369: [INFO] CurrentProfilePath: C:\Users\Aluno\Desktop\while\.metadata\.plugins\org.eclipse.swt\EBWebView\Default
2026-09-10 11:19:07.369: [INFO] Profiles total count: 1
2026-09-10 11:19:07.369: [INFO] Profile: name=Perfil 1 path=C:\Users\Aluno\Desktop\while\.metadata\.plugins\org.eclipse.swt\EBWebView\Default lastActive=null
2026-09-10 11:19:07.369: [INFO] LastUsedProfileDir: C:\Users\Aluno\Desktop\while\.metadata\.plugins\org.eclipse.swt\EBWebView\Default
2026-09-10 11:19:07.369: [INFO] OnDoneLoading sync enabled: 0
2026-09-10 11:19:07.369: [INFO] BookmarkModelLoaded, ids_reassigned: 0
2026-09-10 11:19:07.369: [INFO] BookmarksLoadDropped droppedNodes=0
2026-09-10 11:19:07.369: [INFO] BookmarksSnapshot Startup total=0 bar=0 other=0 mobile=0 showBar=0 showBarNTP=1
2026-09-10 11:19:15.531: [INFO] BookmarksSnapshot Shutdown total=0 bar=0 other=0 mobile=0 showBar=0 showBarNTP=1
2026-09-10 11:19:24.474: [INFO] CurrentProfilePath: C:\Users\Aluno\Desktop\while\.metadata\.plugins\org.eclipse.swt\EBWebView\Default
2026-09-10 11:19:24.474: [INFO] Profiles total count: 1
2026-09-10 11:19:24.474: [INFO] Profile: name=Perfil 1 path=C:\Users\Aluno\Desktop\while\.metadata\.plugins\org.eclipse.swt\EBWebView\Default lastActive=null
2026-09-10 11:19:24.474: [INFO] LastUsedProfileDir: C:\Users\Aluno\Desktop\while\.metadata\.plugins\org.eclipse.swt\EBWebView\Default
2026-09-10 11:19:24.474: [INFO] OnDoneLoading sync enabled: 0
2026-09-10 11:19:24.474: [INFO] BookmarkModelLoaded, ids_reassigned: 0
2026-09-10 11:19:24.474: [INFO] BookmarksLoadDropped droppedNodes=0
2026-09-10 11:19:24.474: [INFO] BookmarksSnapshot Startup total=0 bar=0 other=0 mobile=0 showBar=0 showBarNTP=1
2026-09-10 11:23:38.516: [INFO] BookmarksSnapshot Shutdown total=0 bar=0 other=0 mobile=0 showBar=0 showBarNTP=1
